../Core/CPP/Src/main.cpp:49:6:void ReadEncoder()	16	static
../Core/CPP/Src/main.cpp:62:6:void printState(float, float, RobotState, RobotOdometry)	176	static
../Core/CPP/Src/main.cpp:73:6:void CppMain()	4	static
../Core/CPP/Src/main.cpp:79:6:void HAL_UART_RxCpltCallback(UART_HandleTypeDef*)	144	static
../Core/CPP/Src/main.cpp:102:6:void HAL_TIM_PeriodElapsedCallback(TIM_HandleTypeDef*)	16	static
../Core/CPP/Src/main.cpp:110:1:void __static_initialization_and_destruction_0(int, int)	48	static
../Core/CPP/Src/main.cpp:110:1:cpp)	8	static
